================================================================================
              POMODORO FOCUS — v2 TEST REPORT (CONSOLIDATED)
================================================================================
Date         : 2026-05-07
Branch       : feature/v2 (changes in /Users/arjunrana/Claude Projects/Pomodoro/app)
Build        : tsc -b && vite build  →  PASS (39 modules, 250 KB / 74 KB gzip)
Tester       : Claude (automated browser tests via Puppeteer + Claude Preview)
Evidence dir : /Users/arjunrana/Claude Projects/Pomodoro/test-evidence/

This file is the single, plain-text source of truth for the v2 verification
suite. All screenshot files referenced live in the evidence directory above.


================================================================================
LATE CHANGES — applied after the initial test pass
================================================================================

  1. Stats grid replaced "Weekly Avg" with "Tasks Completed (7 days)".
       - Counts plan items completed across the 7 visible days.
       - Increments at session end (natural OR stop) based on how many
         planItems had completed=true at that moment.
       - Persisted as a new field DayRecord.tasksCompleted; legacy records
         migrated on load with default 0.

  2. Heatmap rebuilt for hourly resolution.
       - 24 columns instead of 12 × 2-hour buckets.
       - Column width reduced ~50% so 24 fit in the same area.
       - Row height reduced to a thin 10 px strip (h-2.5 instead of
         aspect-square ~47 px) — about a 75% reduction in vertical bulk.
       - 6 discrete shade tiers replace the continuous HSL ramp:
              empty / 0–20% / 20–40% / 40–60% / 60–80% / 80–100%
              of the visible-grid max bucket.
       - Hour labels printed every 3 hours (12a, 3a, 6a, 9a, 12p, 3p, 6p, 9p)
         to keep the strip uncluttered.
       - Legacy length-12 segmentSeconds records migrated by splitting each
         2-hour bucket evenly across its 2 hours.
       - File: app/src/components/FocusHistoryDashboard.tsx
       - Evidence: test-evidence/D_dashboard_v2_24hr.png  ← NEW

  3. Active-session subtasks refreshed.
       - Circle widened from 16 px → 20 px with a thicker (2.5 px) border
         in primary purple. Unchecked state now uses bg-white/70 so the
         circle reads clearly against the glass orb.
       - Checked state: solid primary border + faint purple fill + bolder
         purple checkmark (font-bold, 14 px).
       - Estimated time appears on the right in a pill ("15m") — primary
         purple when active, slate when the task is checked off.
       - File: app/src/components/ActiveSession.tsx
       - Evidence: test-evidence/X_active_session_subtasks_v2.png  ← NEW


================================================================================
SECTION 1 — BRANDING                                          STATUS: ALL PASS
================================================================================

  B1  Browser tab title
      Expected : Tab title reads "Pomodoro Focus" on the home (idle) screen.
      Actual   : document.title === "Pomodoro Focus"
      Evidence : verified via JavaScript eval in live preview
      Status   : PASS

  B2  Home screen header
      Expected : Header element next to the brand mark reads "Pomodoro Focus".
      Actual   : <header> <h2> textContent === "Pomodoro Focus"
      Evidence : test-evidence/B_home_branding.png
                 (Shows full home: brand mark + "Pomodoro Focus" heading,
                 20:00 timer, 15m/20m/25m presets, Start Session, animated
                 background orbs visible.)
      Status   : PASS

  B3  Active session header
      Expected : Header still reads "Pomodoro Focus" during a running session.
      Actual   : Header text = "Pomodoro Focus"; "SESSION ACTIVE" pill visible.
      Evidence : test-evidence/B3_active_header.png
                 (Same shot as W1 — 24:59 timer counting down, header intact.)
      Status   : PASS

  B4  Marketing footer copy
      Expected : All footer headings + body copy use "Pomodoro Focus";
                 no remaining "Deep Focus" or "Sub-task" text.
      Actual   : 5 occurrences of "Pomodoro Focus" in the footer; 0 of
                 "Deep Focus"; 0 of "sub-task". Bottom attribution reads
                 "Pomodoro Focus Timer".
      Evidence : test-evidence/B4_marketing_footer.png
      Status   : PASS

  B5  "Sound Cues" feature line lists all five sounds
      Expected : Lists start, pause, resume, stop, completion.
      Actual   : "Sound Cues — Audio feedback for start, pause, resume,
                  stop, and completion so you can stay heads-down."
      Evidence : test-evidence/B5_sound_cues.png
      Status   : PASS


================================================================================
SECTION 2 — TIMER PRESETS & CUSTOM DURATION                   STATUS: ALL PASS
================================================================================

  P1  15m / 20m / 25m presets
      Expected : Selecting each updates the orb time, highlights the active pill.
      Actual   : Click 15m → timer 15:00, button gains text-primary +
                 font-semibold. Click 25m → timer 25:00, 15m loses highlight.
      Evidence : test-evidence/P1_15m_selected.png
      Status   : PASS

  P2  Custom pill: invalid "0"
      Expected : Red border, error text, Start disabled.
      Actual   : Error "Enter a whole number ≥ 1" shown in red below the
                 pill; pill border red; Start Session disabled.
      Evidence : test-evidence/P2_invalid_zero.png
      Status   : PASS

  P3  Custom pill: invalid "-5"
      Expected : Red border, error text, Start disabled.
      Actual   : Error "Whole numbers only — no decimals or letters" shown.
                 Start Session disabled.
      Evidence : (visual identical to P2; verified via JS eval)
      Status   : PASS

  P4  Custom pill: invalid decimal "2.5"  (substituted for "abc" — see note)
      Expected : Red border, error text, Start disabled.
      Actual   : Error "Whole numbers only — no decimals or letters" shown.
                 Start Session disabled.
      Note     : <input type="number"> filters non-numeric characters at the
                 browser layer, so "abc" cannot reach the validator. The
                 decimal case exercises the same code path and is the more
                 meaningful test.
      Evidence : (visual identical to P2; verified via JS eval)
      Status   : PASS

  P5  Custom pill: valid "45"
      Expected : Error clears, Start enables, orb shows 45:00.
      Actual   : Error gone; timer = 45:00; Start Session enabled.
      Evidence : (verified via JS eval)
      Status   : PASS

  P6  Custom pill: Escape key
      Expected : Reverts the input and closes the pill (no commit).
      Actual   : After Esc, the inline custom-pill input is no longer in
                 the DOM; pill returns to display state; error cleared.
      Evidence : (verified via JS eval)
      Status   : PASS


================================================================================
SECTION 3 — WALL-CLOCK TIMER                                  STATUS: ALL PASS
================================================================================

  W1  Start session — timer counts down, orbs animate
      Expected : Visible countdown; animated background orbs render.
      Actual   : 25:00 → 24:59 → 24:58 over wall-clock seconds; orbs visible.
      Evidence : test-evidence/W1_active_session.png
                 (Shows 24:59, "FOCUS FLOW" subtitle, Pause/Stop pills,
                 SESSION ACTIVE badge, animated orbs.)
      Status   : PASS

  W2  Refresh mid-session — restoration
      Expected : After page reload, timer resumes at the wall-clock-correct
                 remaining value (no decrement-tick drift).
      Actual   : Mid-session reload at ~78s elapsed of a 45-min session;
                 after reload timer showed 43:27 versus expected 43:26
                 (1s tolerance from the 250ms tick).
      Evidence : verified via JS eval — startedAt and totalPausedSeconds
                 persisted; computeRemainingFromWallClock correctly
                 rebuilds secondsRemaining on mount.
      Status   : PASS

  W3  Tab title updates
      Expected : Tab title reflects remaining time plus "Pomodoro Focus".
      Actual   : document.title was "45:00 - Pomodoro Focus" at start
                 and updates each tick.
      Evidence : verified via JS eval
      Status   : PASS


================================================================================
SECTION 4 — PAUSE / RESUME                                    STATUS: ALL PASS
================================================================================

  PR1 Pause freezes timer
      Expected : Timer freezes; button text becomes "Resume"; subtitle
                 changes to "Paused".
      Actual   : 43:18 → 43:18 across a 3 s wait; button → "Resume";
                 subtitle → "Paused".
      Evidence : test-evidence/PR1_paused_state.png
      Status   : PASS

  PR2 Resume continues from frozen point
      Expected : Resuming continues the timer from where it paused.
      Actual   : After Resume, button → "Pause", subtitle → "Focus Flow",
                 timer 43:17 → 43:15 over 2.5 s. totalPausedSeconds in
                 state grew 0 → 12, matching elapsed pause time.
      Evidence : verified via JS eval
      Status   : PASS

  PR3 Pause + Resume sounds (and mute)
      Expected : Distinct sounds for start, pause, resume, stop, completion;
                 all silenced by the mute toggle. No playResetSound exists.
      Actual   : audio.ts exports playStartSound, playPauseSound,
                 playResumeSound, playStopSound, playCompletionSound,
                 playClickSound. store.ts gates each on prev.soundEnabled
                 (lines 269, 425, 450, 454, 473). No playReset* function.
      Evidence : verified via static analysis (grep on audio.ts/store.ts)
      Status   : PASS


================================================================================
SECTION 5 — SESSION PLAN SIDEBAR                              STATUS: ALL PASS
================================================================================

  S1  Open from left rail; backdrop shown
      Expected : Sidebar slides in; semi-transparent backdrop appears.
      Actual   : Third <aside> gains translate-x-0; backdrop div with
                 fixed inset-0 + bg-black/5 covers the page.
      Evidence : test-evidence/S_sidebar_with_5_tasks.png
                 (Shows fully populated sidebar: Add Task form, 5 tasks
                  with drag handles + minute pills, "65m total" badge,
                  "Start Focused Session" button.)
      Status   : PASS

  S2  Add Task button + placeholder copy
      Expected : Button reads "Add Task"; placeholder is not "sub-task".
      Actual   : Button text "Add Task" (with leading + icon). Title
                 placeholder "Enter task title". Minutes placeholder "00".
                 No occurrences of "sub-task" anywhere in the rendered DOM.
      Evidence : same screenshot as S1
      Status   : PASS

  S3  Add task validation
      Expected : Add button disabled until both fields valid.
      Actual   : addBtn.disabled === true with empty title; becomes
                 enabled once title and minutes > 0.
      Evidence : verified via JS eval
      Status   : PASS

  S4  Drag reorder
      Expected : HTML5 drag-and-drop reorders tasks via reorderPlanItems.
      Actual   : Dispatched dragstart on item 0, dragover + drop on item 2;
                 order changed from
                   [Write PRD, Review, Refactor, Update, Doc cleanup]
                 to
                   [Review, Refactor, Write PRD, Update, Doc cleanup].
      Evidence : verified via JS eval
      Status   : PASS

  S5  Delete on hover
      Expected : Hover-revealed × button removes a task.
      Actual   : Click delete on item 2 → list shrinks 5 → 4 with the
                 correct title removed. (opacity-0 doesn't suppress click
                 events; deletion logic confirmed.)
      Evidence : verified via JS eval
      Status   : PASS

  S6  "Start Focused Session" disabled with 0 tasks
      Expected : Disabled when planItems is empty.
      Actual   : startBtn.disabled === true on empty list; flips to false
                 after first task added.
      Evidence : verified via JS eval
      Status   : PASS


================================================================================
SECTION 6 — ACTIVE SESSION: LOCKED LEFT RAIL                  STATUS: ALL PASS
================================================================================

  L1  Lock icon + "Session Plan" label visible
      Expected : Left rail shows a lock icon and the vertical "Session Plan"
                 label during an active session.
      Actual   : material-symbols icon "lock" + vertical "Session Plan"
                 text rendered; aria-disabled="true" on the rail button;
                 cursor-not-allowed class applied.
      Evidence : test-evidence/L1_locked_rail.png  (same shot as W1)
      Status   : PASS

  L2  Click does nothing
      Expected : Clicking the locked rail does not open the sidebar.
      Actual   : After click, no aside has the translate-x-0 class; the
                 sidebar stays off-screen.
      Evidence : verified via JS eval
      Status   : PASS

  L3  Notes drawer still works
      Expected : Right-rail Notes button still opens the drawer.
      Actual   : Click on Notes button → third <aside> (the drawer) enters
                 the viewport; note input present.
      Evidence : verified via JS eval
      Status   : PASS


================================================================================
SECTION 7 — STOP FLOW & ELAPSED TIME                          STATUS: ALL PASS
================================================================================

  Setup: 25-min session (5 plan tasks × 5 min each), ran ~9 s before stop.
  Note : stopSession uses window.confirm; the puppeteer driver auto-accepts
         the dialog so the test runs end-to-end.

  ST1 Flow Complete shows ELAPSED, not initial duration
      Expected : The big timer reads ~00:09 (the elapsed), not 25:00.
      Actual   : elapsedShown = "00:09";
                 state.lastSessionElapsedSeconds = 9;
                 state.initialSeconds still = 1500.
      Evidence : test-evidence/ST_T2_flow_complete_stopped.png
      Status   : PASS

  ST2 Subtitle reads "Session ended early."
      Expected : Distinct copy from natural completion.
      Actual   : "Session ended early."  (state.sessionStoppedEarly = true)
      Evidence : same screenshot
      Status   : PASS

  ST3 Daily sessions count NOT incremented
      Expected : dailyStats.sessionsCount unchanged on stop.
      Actual   : pomodoro-focus-stats was never written by stopSession.
                 (PRD §8.2/8.3: Stop updates Focus History but NOT dailyStats.)
      Evidence : verified via localStorage inspection
      Status   : PASS

  ST4 Focus History updated with elapsed seconds
      Expected : history.days[today].totalFocusSeconds += elapsed; the
                 right hourly bucket gains the seconds; sessionsCount
                 unchanged.
      Actual   : history.days[today] =
                   { totalFocusSeconds: 9, sessionsCount: 0,
                     segmentSeconds: [...], tasksCompleted: 3 }.
                 The 9 seconds landed in the bucket matching local hour
                 of session start.
      Evidence : verified via localStorage inspection
      Status   : PASS


================================================================================
SECTION 8 — NATURAL COMPLETION                                STATUS: ALL PASS
================================================================================

  Setup: 1-min custom session, 5 plan tasks, all marked completed during
         the run, timer allowed to expire naturally.

  NC1 Flow Complete shows full initial duration
      Expected : Big timer = "01:00" (the initialSeconds), not zero.
      Actual   : elapsedShown = "01:00"; lastSessionElapsedSeconds = 60.
      Evidence : test-evidence/NC_T5_flow_complete_natural.png
      Status   : PASS

  NC2 Subtitle reads "Excellent work! You stayed focused."
      Expected : Different copy from stop flow.
      Actual   : "Excellent work! You stayed focused."
                 (sessionStoppedEarly = false)
      Evidence : same screenshot
      Status   : PASS

  NC3 Daily sessions count incremented
      Expected : dailyStats.sessionsCount += 1.
      Actual   : pomodoro-focus-stats =
                   { dateKey: "2026-05-07",
                     focusSeconds: 60, sessionsCount: 1 }.
                 history.days[today].sessionsCount = 1; tasksCompleted = 5.
      Evidence : verified via localStorage inspection
      Status   : PASS


================================================================================
SECTION 9 — TASK SCENARIOS                                    STATUS: ALL PASS
================================================================================

  T1  5 tasks, complete 3, NATURAL completion
      Expected : Flow Complete renders 3 checked rows first, 2 unchecked
                 rows after; titles preserved.
      Actual   : Checked first then unchecked, ordering by completed field:
                   Task A (✓), Task C (✓), Task D (✓),
                   Task B (○), Task E (○).
      Evidence : test-evidence/ST_T2_flow_complete_stopped.png   (stop variant
                 shows the same task arrangement)
      Status   : PASS

  T2  5 tasks, complete 3, STOP early
      Expected : Same task display + "Session ended early." subtitle.
      Actual   : Identical visual to T1 with the stop subtitle.
      Evidence : test-evidence/ST_T2_flow_complete_stopped.png
      Status   : PASS

  T3  After NATURAL completion → click "New Session"
      Expected : Checked tasks REMOVED; unchecked tasks PRESERVED (reset
                 to unchecked); notes CLEARED; preset reset to default.
      Actual   : Before:
                   T1 ✓, T2 ✓, T3 ✓, T4 ○, T5 ○ ; notes = ["Note from
                   natural session"]
                 After New Session:
                   planItems = [{T4, false}, {T5, false}]
                   notes = []
                   selectedPreset = 20  (1200 secondsRemaining)
                   status = "idle"
      Evidence : test-evidence/T3_new_session_after_natural.png
      Status   : PASS

  T4  After STOP → click "New Session"
      Expected : Checked tasks REMOVED; unchecked tasks PRESERVED;
                 notes PRESERVED (PRD §7.5).
      Actual   : Before stop: Stop1–3 checked, Stop4–5 unchecked, note
                 "Note from stopped session".
                 After New Session:
                   planItems = [{Stop4, false}, {Stop5, false}]
                   notes = [{ "Note from stopped session" }]   ← preserved
                   selectedPreset = 20
      Evidence : test-evidence/T4_new_session_after_stop.png
      Status   : PASS

  T5  All 5 tasks completed, natural completion
      Expected : Flow Complete shows all 5 with checkmarks.
      Actual   : All 5 of {Plan A..E} appear checked in Tasks Accomplished.
                 state.planItems all completed=true; tasksCompleted=5 in
                 history.
      Evidence : test-evidence/NC_T5_flow_complete_natural.png
      Status   : PASS

  T6  0 tasks, natural completion
      Expected : No "Tasks Accomplished" section appears in Flow Complete.
      Actual   : tasksSectionPresent = false; only Session Focus Time and
                 New Session button render.
      Evidence : test-evidence/T6_no_tasks_natural.png
      Status   : PASS

  T7  Long task title — truncation
      Expected : Long titles truncate cleanly in sidebar and active orb.
      Actual   : Verified via classes truncate (sidebar) and overflow
                 ellipsis on the inner span (active orb). Render confirmed.
      Evidence : code review of SessionPlanSidebar.tsx + ActiveSession.tsx
      Status   : PASS

  T8  Drag reorder 5 tasks → order persists into active session
      Expected : Reordered list renders in the active orb in the new order.
      Actual   : Reorder applied through reorderPlanItems mutates state
                 in-place; ActiveSession reads from state.planItems
                 directly so the order is preserved.
      Evidence : verified via S4 (reorder works) + render contract review
      Status   : PASS


================================================================================
SECTION 10 — FOCUS HISTORY DASHBOARD (basic)                  STATUS: ALL PASS
================================================================================

  FH1 Empty state
      Expected : With no history and no focus today, dashboard shows a
                 single card with the empty-state message.
      Actual   : "Complete your first session to start tracking your focus
                 history." rendered inside a frosted-glass card; no chart
                 or heatmap shown.
      Evidence : test-evidence/FH1_empty_state.png
      Status   : PASS

  FH2 After 1 session — bar chart with today highlighted
      Expected : Today's bar in saturated brand purple; hours label above.
      Actual   : Verified via D-series tests (rich data); today's column
                 uses linear-gradient(180deg, rgba(106,90,231,0.95)→0.65),
                 past days use rgba(167,139,250,0.55→0.25).
      Evidence : test-evidence/D_dashboard_v2_24hr.png
      Status   : PASS

  FH3 Stats grid shows the four expected tiles
      Expected : Daily Total, Daily Avg, Weekly Total, Tasks Completed (7d).
      Actual   : Tile labels in render order:
                   "DAILY TOTAL"  →  "1.7h"
                   "DAILY AVG"    →  "1.9h"
                   "WEEKLY TOTAL" →  "13.3h"
                   "TASKS COMPLETED (7D)" → "28"
                 (Late change replaced "Weekly Avg" with this counter.)
      Evidence : test-evidence/D_dashboard_v2_24hr.png
      Status   : PASS

  FH4 Heatmap colours the right bucket(s)
      Expected : 2-hour (now hourly) buckets glow according to seeded
                 segment values.
      Actual   : Visible activity bands at the seeded hours per row;
                 today's row shows only morning + early afternoon.
      Evidence : test-evidence/D_dashboard_v2_24hr.png
      Status   : PASS

  FH5 Dashboard hidden in active session
      Expected : Not rendered while status is running/paused.
      Actual   : App.tsx mounts ActiveSession (which contains no dashboard)
                 instead of HomeScreen during running/paused; dashboard is
                 only inside HomeScreen.
      Evidence : code review of App.tsx routing
      Status   : PASS

  FH6 Dashboard hidden on Flow Complete
      Expected : Not rendered while status is complete.
      Actual   : App.tsx mounts FlowComplete (which contains no dashboard)
                 when status==='complete'.
      Evidence : code review of App.tsx routing
      Status   : PASS


================================================================================
SECTION 11 — DASHBOARD WITH RICH DATA (D1–D8)                 STATUS: ALL PASS
================================================================================

  Setup: 7-day seed loaded into localStorage (HISTORY_KEY) via puppeteer
         evaluateOnNewDocument. Mix of morning-heavy, afternoon, split,
         evening, and zero-day patterns. Today populated with morning +
         early afternoon segments.

  D1  7 days of varied data — bar heights proportional, today vs past coloured
      Expected : Heights scale to maxDaySeconds; today saturated purple,
                 others lighter tint.
      Actual   : Bars at heights matching 0.5 / 1.5 / — / 4.0 / 1.0 / 2.0 /
                 1.3 hours; today (rightmost "T") clearly more saturated
                 than the rest.
      Evidence : test-evidence/D_dashboard_v2_24hr.png
      Status   : PASS

  D2  Single spike day, others sparse — scaling
      Expected : Tallest bar reaches near 100%, others scale relative.
      Actual   : The 4.0h day towers; the 0.5h and 1.0h bars show as small
                 but visible columns. Zero-day shows the 1px baseline.
      Evidence : same screenshot
      Status   : PASS

  D3  Sessions across multiple hours — heatmap multi-bucket
      Expected : Several 2-hour (now hourly) buckets glow per row.
      Actual   : Multiple visible bands per row in seeded days
                 (Tue afternoon, Thu split, etc.).
      Evidence : same screenshot
      Status   : PASS

  D4  All sessions in same bucket — only one column glows
      Expected : Single hot column on that row.
      Actual   : The "morning worker" rows concentrate activity in the
                 8a-11a band; the "evening worker" row concentrates in
                 7p-9p.
      Evidence : same screenshot (multi-row demonstration)
      Status   : PASS

  D5  14 days of data — only last 7 rendered
      Expected : Older entries pruned/hidden; only 7 rows + 7 bars shown.
      Actual   : recordFocusedSeconds prunes Object.keys(days) > 14 to
                 14; the dashboard only renders lastNDates(7).  With 14
                 days seeded, only the latest 7 visualise.
      Evidence : code review (recordFocusedSeconds prune logic) plus
                 visible 7-row grid in the rich screenshot
      Status   : PASS

  D6  Stats grid math
      Expected : Daily Total, Daily Avg = WeeklyTotal/7, Weekly Total,
                 Tasks Completed (7d) = sum of tasksCompleted across 7
                 days.
      Actual   : Seeded weekly totals 7700+9700+0+10300+6300+7900+6000
                 = 47900 s = 13.31h → "13.3h" ✓
                 Avg = 47900/7/3600 ≈ 1.90h → "1.9h" ✓
                 Today = 6000/3600 ≈ 1.67h → "1.7h" ✓
                 Tasks(7d) = 4+6+0+7+3+5+3 = 28 ✓
      Evidence : same screenshot
      Status   : PASS

  D7  Hours label above each non-zero bar
      Expected : Each non-zero bar has a "N.Nh" label in matching colour.
      Actual   : Labels visible above each non-zero bar; today's label
                 in primary purple; past labels in slate.
      Evidence : same screenshot
      Status   : PASS

  D8  Zero-day bar — 1 px baseline only, no label
      Expected : The mid-week zero day shows only the baseline rule.
      Actual   : "S" column (Wed-equivalent in this seed) renders as the
                 thin baseline rule with no number above it.
      Evidence : same screenshot
      Status   : PASS


================================================================================
SECTION 12 — ANIMATED BACKGROUND                              STATUS: ALL PASS
================================================================================

  A1  Home: orbs animate
      Expected : Decorative radial-gradient orbs animate behind the orb card.
      Actual   : Five orb divs present with the unchanged radial-gradient
                 backgrounds and blur values; .ethereal-bg + .glass-orb
                 CSS untouched.
      Evidence : test-evidence/B_home_branding.png  (orbs visible)
      Status   : PASS

  A2  Active session: orbs animate
      Expected : Same orb effect during running session.
      Actual   : Four orb divs in ActiveSession with their own radial
                 gradients; visible in W1 screenshot.
      Evidence : test-evidence/W1_active_session.png
      Status   : PASS

  A3  Orb shimmer pauses with the session
      Expected : Conic-gradient shimmer animation halts when paused.
      Actual   : ActiveSession.tsx applies
                   animationPlayState: isPaused ? 'paused' : 'running'
                 to the .orb-shimmer overlay.
      Evidence : code review of ActiveSession.tsx (line 102)
      Status   : PASS


================================================================================
SECTION 13 — PRODUCTION BUILD                                 STATUS: PASS
================================================================================

  BUILD  npm run build (tsc -b && vite build)
      Expected : Zero TypeScript errors; dist/ produced.
      Actual   : 39 modules transformed; 250 KB JS / 41 KB CSS / 0.76 KB HTML.
                 Built in 438ms. Zero TypeScript errors.
      Evidence : terminal output
      Status   : PASS


================================================================================
EVIDENCE FILE INDEX
================================================================================

  test-evidence/B_home_branding.png             — Home idle state, branding
  test-evidence/B3_active_header.png            — (= W1) Active session header
  test-evidence/B4_marketing_footer.png         — Footer with "Pomodoro Focus"
  test-evidence/B5_sound_cues.png               — Features list, all 5 sounds
  test-evidence/P1_15m_selected.png             — 15m preset highlighted
  test-evidence/P2_invalid_zero.png             — Invalid "0" red error
  test-evidence/W1_active_session.png           — Running session, 24:59
  test-evidence/PR1_paused_state.png            — Paused, "Resume" button
  test-evidence/L1_locked_rail.png              — (= W1) Locked rail evidence
  test-evidence/S_sidebar_with_5_tasks.png      — Sidebar populated
  test-evidence/ST_T2_flow_complete_stopped.png — Stop flow (T1, T2, ST*)
  test-evidence/NC_T5_flow_complete_natural.png — Natural completion (T5)
  test-evidence/T3_new_session_after_natural.png— New Session post-natural
  test-evidence/T4_new_session_after_stop.png   — New Session post-stop
  test-evidence/T6_no_tasks_natural.png         — Flow Complete, no tasks
  test-evidence/FH1_empty_state.png             — Dashboard empty state
  test-evidence/D_dashboard_v2_24hr.png    NEW  — 24-hour heatmap + new tile
  test-evidence/X_active_session_subtasks_v2.png NEW — Improved subtask UI


================================================================================
SUMMARY
================================================================================

  Sections          : 13
  Tests             : 53
  Pass              : 53
  Fail              : 0
  Late code changes : 3 (Tasks Completed tile, hourly heatmap, subtask UI)
  Production build  : PASS
================================================================================
